// Jest Snapshot v1, https://goo.gl/fbAQLP

exports[`Rating spec should match snapshot for rating 1`] = `
<div
  className="rating"
>
  <div
    className="rating--star active"
    key="0"
    onClick={[Function]}
  >
    ★
  </div>
  <div
    className="rating--star active"
    key="1"
    onClick={[Function]}
  >
    ★
  </div>
  <div
    className="rating--star active"
    key="2"
    onClick={[Function]}
  >
    ★
  </div>
  <div
    className="rating--star "
    key="3"
    onClick={[Function]}
  >
    ★
  </div>
  <div
    className="rating--star "
    key="4"
    onClick={[Function]}
  >
    ★
  </div>
</div>
`;
