// Jest Snapshot v1, https://goo.gl/fbAQLP

exports[`Games spec should match snapshot for available games 1`] = `
<div
  className="games"
>
  <Game
    game={
      Object {
        "avatar": "CallOfDuty.jpeg",
        "description": "Lorem ipsum dolor sit amet",
        "rating": 0,
        "title": "Game",
        "uuid": "someGame",
      }
    }
    key="someGame"
  />
</div>
`;
